[2026-01-05T17:52:57.630122] Inference via prompt: 'road'
[2026-01-05T17:52:59.294939] Success: Layer 'road_hqshco' added.
[2026-01-05T17:52:59.297543] Regularizing...
[2026-01-05T17:53:00.470590] Regularization applied. Adding layer...
[2026-01-05T17:53:00.476567] Regularization error: 0
[2026-01-05T17:55:08.930374] Inference via prompt: 'road'
[2026-01-05T17:55:10.588227] Success: Layer 'road_widkbt' added.
[2026-01-05T17:55:10.591028] Regularizing...
[2026-01-05T17:55:11.766216] Regularization returned empty results.
[2026-01-05T17:56:06.170473] Inference via prompt: 'building'
[2026-01-05T17:56:07.443759] Success: Layer 'building_dpeiix' added.
[2026-01-05T17:56:07.446747] Regularizing...
[2026-01-05T17:56:07.936337] Regularization returned empty results.
[2026-01-05T17:56:12.478683] Layers reset.
[2026-01-05T17:56:18.150211] Inference via prompt: 'building'
[2026-01-05T17:56:19.340049] Success: Layer 'building_obyjmi' added.
[2026-01-05T17:56:19.342597] Regularizing...
[2026-01-05T17:56:19.806826] Regularization returned empty results.
[2026-01-05T17:58:35.069973] Inference via prompt: 'road'
[2026-01-05T17:58:36.741053] Success: Layer 'road_fpuooi' added.
[2026-01-05T17:58:36.743828] Regularizing...
[2026-01-05T17:58:37.060346] Processing 1089 features...
[2026-01-05T17:58:38.294323] Adding regularized layer...
[2026-01-05T17:58:38.616553] Regularization complete.
