[2026-01-05T17:52:57.630122] Inference via prompt: 'road'
[2026-01-05T17:52:59.294939] Success: Layer 'road_hqshco' added.
[2026-01-05T17:52:59.297543] Regularizing...
[2026-01-05T17:53:00.470590] Regularization applied. Adding layer...
[2026-01-05T17:53:00.476567] Regularization error: 0
[2026-01-05T17:55:08.930374] Inference via prompt: 'road'
[2026-01-05T17:55:10.588227] Success: Layer 'road_widkbt' added.
[2026-01-05T17:55:10.591028] Regularizing...
[2026-01-05T17:55:11.766216] Regularization returned empty results.
[2026-01-05T17:56:06.170473] Inference via prompt: 'building'
[2026-01-05T17:56:07.443759] Success: Layer 'building_dpeiix' added.
[2026-01-05T17:56:07.446747] Regularizing...
[2026-01-05T17:56:07.936337] Regularization returned empty results.
[2026-01-05T17:56:12.478683] Layers reset.
[2026-01-05T17:56:18.150211] Inference via prompt: 'building'
[2026-01-05T17:56:19.340049] Success: Layer 'building_obyjmi' added.
[2026-01-05T17:56:19.342597] Regularizing...
[2026-01-05T17:56:19.806826] Regularization returned empty results.
[2026-01-05T17:58:35.069973] Inference via prompt: 'road'
[2026-01-05T17:58:36.741053] Success: Layer 'road_fpuooi' added.
[2026-01-05T17:58:36.743828] Regularizing...
[2026-01-05T17:58:37.060346] Processing 1089 features...
[2026-01-05T17:58:38.294323] Adding regularized layer...
[2026-01-05T17:58:38.616553] Regularization complete.
[2026-01-05T19:08:21.290818] Inference via prompt: 'road'
[2026-01-05T19:08:23.084127] Success: Layer 'road_yxjxqq' added.
[2026-01-06T09:24:41.945875] Inference via prompt: 'brown roof'
[2026-01-06T09:24:47.264868] Success: Layer 'brown_roof_hbpkuw' added.
[2026-01-06T09:33:55.604653] Inference via prompt: 'road'
[2026-01-06T09:33:57.836418] Success: Layer 'road_krwlii' added.
[2026-01-06T09:39:49.592710] Inference via prompt: 'red roof'
[2026-01-06T09:39:53.734908] Success: Layer 'red_roof_oonqsy' added.
[2026-01-06T09:41:21.865554] Inference via prompt: 'red roof'
[2026-01-06T09:41:26.070066] Success: Layer 'red_roof_rvuhru' added.
[2026-01-06T09:43:39.165487] Inference via prompt: 'red roof'
[2026-01-06T09:43:43.396411] Success: Layer 'red_roof_bciwse' added.
[2026-01-06T10:50:47.002400] Inference via prompt: 'red roof'
[2026-01-06T10:50:51.307751] Success: Layer 'red_roof_mehqzr' added.
[2026-01-06T10:55:46.447463] Inference via prompt: 'road'
[2026-01-06T10:55:48.671327] Success: Layer 'road_zjidaw' added.
[2026-01-06T10:56:01.377048] Layers reset.
[2026-01-06T10:56:11.659835] Inference via prompt: 'road'
[2026-01-06T10:56:13.525082] Success: Layer 'road_spzgib' added.
[2026-01-06T10:56:32.502383] Inference via prompt: 'red roof'
[2026-01-06T10:56:36.204758] Success: Layer 'red_roof_quloqs' added.
[2026-01-06T11:03:08.916487] Segmenting prompt: 'road'
[2026-01-06T11:03:11.268179] Layer 'road_bryzdh' added.
[2026-01-06T11:03:18.961779] Segmenting prompt: 'roundabout'
[2026-01-06T11:03:20.190336] Layer 'roundabout_mzctzx' added.
[2026-01-06T11:03:50.457073] Segmenting prompt: 'car'
[2026-01-06T11:03:52.755436] Layer 'car_dcsbvb' added.
[2026-01-06T11:04:15.233799] Segmenting prompt: 'road'
[2026-01-06T11:04:17.109931] Layer 'road_cbocvn' added.
[2026-01-06T11:04:17.112201] Initiating regularization...
[2026-01-06T11:04:17.831693] Regularizing 2233 features...
[2026-01-06T11:04:19.685053] Regularization complete.
[2026-01-06T11:12:50.852185] Segmenting ROI box: [34.579788, 31.415784, 34.579865, 31.415837]
[2026-01-06T11:12:53.928825] Layer 'mask_bvqnfz' added.
[2026-01-06T11:13:40.352256] Segmenting ROI box: [34.578514, 31.414625, 34.578514, 31.414625]
[2026-01-06T11:13:42.974831] Layer 'mask_zdfokw' added.
[2026-01-06T11:14:06.778897] Segmenting ROI box: [34.577142, 31.416417, 34.577275, 31.41653]
[2026-01-06T11:14:09.352192] Layer 'mask_hmhdsz' added.
[2026-01-06T12:20:18.910398] Segmenting prompt: 'road'
[2026-01-06T12:20:20.586464] Pipeline failed: Attempt to create new tiff file '/var/tmp/road_data/example/netivot1.tif_xqoitb.tif' failed: /var/tmp/road_data/example/netivot1.tif_xqoitb.tif: No such file or directory
[2026-01-06T12:26:41.211144] Segmenting prompt: 'road'
[2026-01-06T12:26:43.447235] Layer 'road_data_example_netivot1.tif_ztasnd' added.
[2026-01-06T12:27:20.070401] Segmenting prompt: 'red roof'
[2026-01-06T12:27:23.857912] Layer 'red_roof_data_example_netivot1.tif_qycpqc' added.
[2026-01-06T12:27:52.730002] Segmenting prompt: 'umbrella'
[2026-01-06T12:27:54.022048] Layer 'umbrella_data_example_netivot1.tif_adyclx' added.
[2026-01-06T12:28:24.737895] Segmenting prompt: 'solar panel'
[2026-01-06T12:28:25.781786] Layer 'solar_panel_data_example_netivot1.tif_bjwqvm' added.
[2026-01-06T12:30:42.110649] Segmenting prompt: 'parking lot'
[2026-01-06T12:30:43.706821] Layer 'parking_lot_data_example_netivot1.tif_ubxcgr' added.
[2026-01-06T12:42:46.811004] Starting batch segmentation for 2 layers...
[2026-01-06T12:42:46.814063] Processing layer: netivot1...
[2026-01-06T12:42:49.328485] Layer 'road_netivot1_ioeznn' added.
[2026-01-06T12:42:49.330590] Processing layer: netivot2...
[2026-01-06T12:42:51.363869] Layer 'road_netivot2_oiwtwj' added.
[2026-01-06T14:05:18.560057] Starting batch segmentation for 2 layers...
[2026-01-06T14:05:18.562756] Processing layer: netivot1...
[2026-01-06T14:05:20.989016] Layer 'road_netivot1_hmcphy' added.
[2026-01-06T14:05:20.991390] Processing layer: netivot2...
[2026-01-06T14:05:22.981898] Layer 'road_netivot2_bimdcb' added.
[2026-01-06T14:05:38.654921] Starting batch segmentation for 4 layers...
[2026-01-06T14:05:38.657229] Processing layer: netivot1...
[2026-01-06T14:05:40.668997] Layer 'building_netivot1_pqmzhn' added.
[2026-01-06T14:05:40.671522] Processing layer: netivot2...
[2026-01-06T14:05:43.208459] Layer 'building_netivot2_pgsvax' added.
[2026-01-06T14:05:43.211340] Skipping 'road_netivot1_hmcphy': source path not found in config.
[2026-01-06T14:05:43.214793] Skipping 'road_netivot2_bimdcb': source path not found in config.
[2026-01-06T14:16:22.157288] Starting batch segmentation for 2 layers...
[2026-01-06T14:16:22.160361] Processing layer: netivot1...
[2026-01-06T14:16:22.341441] loaded image with height and width: 1798 x 2878
[2026-01-06T14:16:24.573682] Layer 'building_netivot1_skqtmk' added.
[2026-01-06T14:16:24.576358] Processing layer: netivot2...
[2026-01-06T14:16:24.768542] loaded image with height and width: 1798 x 2878
[2026-01-06T14:16:27.112152] Layer 'building_netivot2_dmobss' added.
[2026-01-06T14:34:11.911218] Results cleared.
[2026-01-06T14:34:36.594835] Please enter a text prompt.
[2026-01-06T14:34:50.267438] Please enter a text prompt.
[2026-01-06T14:45:31.477819] Starting batch segmentation via ROI Box for 2 layers...
[2026-01-06T14:45:31.480914] Processing layer: netivot1...
[2026-01-06T14:45:34.751908] Layer 'roi_netivot1_ipndzs' added.
[2026-01-06T14:45:34.754568] Processing layer: netivot2...
[2026-01-06T14:45:37.745402] Layer 'roi_netivot2_yyekmv' added.
[2026-01-07T10:05:54.071232] Starting batch segmentation via Prompt for 2 layers...
[2026-01-07T10:05:54.124726] Processing layer: netivot1...
[2026-01-07T10:05:57.068307] Layer 'road_netivot1_uyeabe' added.
[2026-01-07T10:05:57.071636] Processing layer: netivot2...
[2026-01-07T10:05:59.190750] Layer 'road_netivot2_lwwjsf' added.
